{
  "stage": "snapshot_plan",
  "workspaceId": "workspace_internal",
  "workspaceHost": "internal.consuelohq.com",
  "snapshotKey": "sites/workspace_internal/launcher/sha256-15102de522ff36e1/index.html",
  "versionId": "sha256-15102de522ff36e1",
  "snapshots": [
    {
      "siteId": "launcher",
      "snapshotKey": "sites/workspace_internal/launcher/sha256-15102de522ff36e1/index.html",
      "contentHash": "9e491b8df9c621fc0b040aa09feaa6bc65ad03820f02a1935018862a09b2b250"
    },
    {
      "siteId": "artifacts",
      "snapshotKey": "sites/workspace_internal/artifacts/sha256-15102de522ff36e1/index.html",
      "contentHash": "2f873e6363ff2f109faa6a69a6ed6de7fd3f2cc234f19c331e0abde1272f2863"
    },
    {
      "siteId": "traces",
      "snapshotKey": "sites/workspace_internal/traces/sha256-15102de522ff36e1/index.html",
      "contentHash": "21c39a5376392391e6ed18807838bdcb78fff965dfce713547f76d1fc2c81f6f"
    },
    {
      "siteId": "traces",
      "snapshotKey": "sites/workspace_internal/traces/sha256-15102de522ff36e1/index.html",
      "contentHash": "21c39a5376392391e6ed18807838bdcb78fff965dfce713547f76d1fc2c81f6f"
    },
    {
      "siteId": "traces",
      "snapshotKey": "sites/workspace_internal/traces/sha256-15102de522ff36e1/index.html",
      "contentHash": "21c39a5376392391e6ed18807838bdcb78fff965dfce713547f76d1fc2c81f6f"
    },
    {
      "siteId": "traces",
      "snapshotKey": "sites/workspace_internal/traces/sha256-15102de522ff36e1/index.html",
      "contentHash": "21c39a5376392391e6ed18807838bdcb78fff965dfce713547f76d1fc2c81f6f"
    },
    {
      "siteId": "traces",
      "snapshotKey": "sites/workspace_internal/traces/sha256-15102de522ff36e1/index.html",
      "contentHash": "21c39a5376392391e6ed18807838bdcb78fff965dfce713547f76d1fc2c81f6f"
    },
    {
      "siteId": "diffs",
      "snapshotKey": "sites/workspace_internal/diffs/sha256-15102de522ff36e1/index.html",
      "contentHash": "620a3aa8114bde340f3b2354728fb10dab9585f8ad74a7dda6112095122d08e3"
    },
    {
      "siteId": "docs",
      "snapshotKey": "sites/workspace_internal/docs/sha256-15102de522ff36e1/index.html",
      "contentHash": "ca5ca147b41dd3e8d3849a6e41cac8532371f711d52db1bb7c131a3c498bc9e1"
    },
    {
      "siteId": "configuration",
      "snapshotKey": "sites/workspace_internal/configuration/sha256-15102de522ff36e1/index.html",
      "contentHash": "e4c256234108ac811ed53d416f17c9b2cefbf946110b22d246cc6d14ecf4b37e"
    },
    {
      "siteId": "tools",
      "snapshotKey": "sites/workspace_internal/tools/sha256-15102de522ff36e1/index.html",
      "contentHash": "23949ae8a4b55faf5424b43aa8dde0bd6520abd5bbfeaba18a428cb1c08ac272"
    },
    {
      "siteId": "environments",
      "snapshotKey": "sites/workspace_internal/environments/sha256-15102de522ff36e1/index.html",
      "contentHash": "9fbf33ba080a31f2c920ee40a68ee3293b02e971b5161b265a7de05dce5fc76c"
    },
    {
      "siteId": "[redacted]s",
      "snapshotKey": "sites/workspace_internal/[redacted]s/sha256-15102de522ff36e1/index.html",
      "contentHash": "4a081b0a8170d6f7448118c75142bed10edfb1c66b319766e7c7e9fcd447f7aa"
    }
  ]
}
{
  "stage": "r2_upload",
  "argv": [
    "wrangler",
    "r2",
    "object",
    "put",
    "consuelo-sites-snapshots/sites/workspace_internal/launcher/sha256-15102de522ff36e1/index.html",
    "--remote",
    "--file",
    "/private/var/folders/vl/1zvhm0bj28d1dbvbcb12b39r0000gn/T/opensaas-worktrees/task-os-roll-out-observability-gateway-and-internal-workspace-surfaces/.task/os/roll-out-observability-gateway-and-internal-workspace-surfaces/staged-home/sites/index.html",
    "--content-type",
    "text/html; charset=utf-8"
  ],
  "exitCode": 0,
  "stdout": "\n ⛅️ wrangler 4.74.0 (update available 4.121.0)\n──────────────────────────────────────────────\nResource location: remote \n\nCreating object \"sites/workspace_internal/launcher/sha256-15102de522ff36e1/index.html\" in bucket \"consuelo-sites-snapshots\".\nUpload complete.\n",
  "stderr": ""
}
{
  "stage": "r2_upload",
  "argv": [
    "wrangler",
    "r2",
    "object",
    "put",
    "consuelo-sites-snapshots/sites/workspace_internal/artifacts/sha256-15102de522ff36e1/index.html",
    "--remote",
    "--file",
    "/private/var/folders/vl/1zvhm0bj28d1dbvbcb12b39r0000gn/T/opensaas-worktrees/task-os-roll-out-observability-gateway-and-internal-workspace-surfaces/.task/os/roll-out-observability-gateway-and-internal-workspace-surfaces/staged-home/sites/artifacts/index.html",
    "--content-type",
    "text/html; charset=utf-8"
  ],
  "exitCode": 0,
  "stdout": "\n ⛅️ wrangler 4.74.0 (update available 4.121.0)\n──────────────────────────────────────────────\nResource location: remote \n\nCreating object \"sites/workspace_internal/artifacts/sha256-15102de522ff36e1/index.html\" in bucket \"consuelo-sites-snapshots\".\nUpload complete.\n",
  "stderr": ""
}
{
  "stage": "r2_upload",
  "argv": [
    "wrangler",
    "r2",
    "object",
    "put",
    "consuelo-sites-snapshots/sites/workspace_internal/traces/sha256-15102de522ff36e1/index.html",
    "--remote",
    "--file",
    "/private/var/folders/vl/1zvhm0bj28d1dbvbcb12b39r0000gn/T/opensaas-worktrees/task-os-roll-out-observability-gateway-and-internal-workspace-surfaces/.task/os/roll-out-observability-gateway-and-internal-workspace-surfaces/staged-home/sites/traces/index.html",
    "--content-type",
    "text/html; charset=utf-8"
  ],
  "exitCode": 0,
  "stdout": "\n ⛅️ wrangler 4.74.0 (update available 4.121.0)\n──────────────────────────────────────────────\nResource location: remote \n\nCreating object \"sites/workspace_internal/traces/sha256-15102de522ff36e1/index.html\" in bucket \"consuelo-sites-snapshots\".\nUpload complete.\n",
  "stderr": ""
}
{
  "stage": "r2_upload",
  "argv": [
    "wrangler",
    "r2",
    "object",
    "put",
    "consuelo-sites-snapshots/sites/workspace_internal/diffs/sha256-15102de522ff36e1/index.html",
    "--remote",
    "--file",
    "/private/var/folders/vl/1zvhm0bj28d1dbvbcb12b39r0000gn/T/opensaas-worktrees/task-os-roll-out-observability-gateway-and-internal-workspace-surfaces/.task/os/roll-out-observability-gateway-and-internal-workspace-surfaces/staged-home/sites/diffs/index.html",
    "--content-type",
    "text/html; charset=utf-8"
  ],
  "exitCode": 0,
  "stdout": "\n ⛅️ wrangler 4.74.0 (update available 4.121.0)\n──────────────────────────────────────────────\nResource location: remote \n\nCreating object \"sites/workspace_internal/diffs/sha256-15102de522ff36e1/index.html\" in bucket \"consuelo-sites-snapshots\".\nUpload complete.\n",
  "stderr": ""
}
{
  "stage": "r2_upload",
  "argv": [
    "wrangler",
    "r2",
    "object",
    "put",
    "consuelo-sites-snapshots/sites/workspace_internal/docs/sha256-15102de522ff36e1/index.html",
    "--remote",
    "--file",
    "/private/var/folders/vl/1zvhm0bj28d1dbvbcb12b39r0000gn/T/opensaas-worktrees/task-os-roll-out-observability-gateway-and-internal-workspace-surfaces/.task/os/roll-out-observability-gateway-and-internal-workspace-surfaces/staged-home/sites/docs/index.html",
    "--content-type",
    "text/html; charset=utf-8"
  ],
  "exitCode": 0,
  "stdout": "\n ⛅️ wrangler 4.74.0 (update available 4.121.0)\n──────────────────────────────────────────────\nResource location: remote \n\nCreating object \"sites/workspace_internal/docs/sha256-15102de522ff36e1/index.html\" in bucket \"consuelo-sites-snapshots\".\nUpload complete.\n",
  "stderr": ""
}
{
  "stage": "r2_upload",
  "argv": [
    "wrangler",
    "r2",
    "object",
    "put",
    "consuelo-sites-snapshots/sites/workspace_internal/configuration/sha256-15102de522ff36e1/index.html",
    "--remote",
    "--file",
    "/private/var/folders/vl/1zvhm0bj28d1dbvbcb12b39r0000gn/T/opensaas-worktrees/task-os-roll-out-observability-gateway-and-internal-workspace-surfaces/.task/os/roll-out-observability-gateway-and-internal-workspace-surfaces/staged-home/sites/configuration/index.html",
    "--content-type",
    "text/html; charset=utf-8"
  ],
  "exitCode": 0,
  "stdout": "\n ⛅️ wrangler 4.74.0 (update available 4.121.0)\n──────────────────────────────────────────────\nResource location: remote \n\nCreating object \"sites/workspace_internal/configuration/sha256-15102de522ff36e1/index.html\" in bucket \"consuelo-sites-snapshots\".\nUpload complete.\n",
  "stderr": ""
}
{
  "stage": "r2_upload",
  "argv": [
    "wrangler",
    "r2",
    "object",
    "put",
    "consuelo-sites-snapshots/sites/workspace_internal/tools/sha256-15102de522ff36e1/index.html",
    "--remote",
    "--file",
    "/private/var/folders/vl/1zvhm0bj28d1dbvbcb12b39r0000gn/T/opensaas-worktrees/task-os-roll-out-observability-gateway-and-internal-workspace-surfaces/.task/os/roll-out-observability-gateway-and-internal-workspace-surfaces/staged-home/sites/tools/index.html",
    "--content-type",
    "text/html; charset=utf-8"
  ],
  "exitCode": 0,
  "stdout": "\n ⛅️ wrangler 4.74.0 (update available 4.121.0)\n──────────────────────────────────────────────\nResource location: remote \n\nCreating object \"sites/workspace_internal/tools/sha256-15102de522ff36e1/index.html\" in bucket \"consuelo-sites-snapshots\".\nUpload complete.\n",
  "stderr": ""
}
{
  "stage": "r2_upload",
  "argv": [
    "wrangler",
    "r2",
    "object",
    "put",
    "consuelo-sites-snapshots/sites/workspace_internal/environments/sha256-15102de522ff36e1/index.html",
    "--remote",
    "--file",
    "/private/var/folders/vl/1zvhm0bj28d1dbvbcb12b39r0000gn/T/opensaas-worktrees/task-os-roll-out-observability-gateway-and-internal-workspace-surfaces/.task/os/roll-out-observability-gateway-and-internal-workspace-surfaces/staged-home/sites/environments/index.html",
    "--content-type",
    "text/html; charset=utf-8"
  ],
  "exitCode": 0,
  "stdout": "\n ⛅️ wrangler 4.74.0 (update available 4.121.0)\n──────────────────────────────────────────────\nResource location: remote \n\nCreating object \"sites/workspace_internal/environments/sha256-15102de522ff36e1/index.html\" in bucket \"consuelo-sites-snapshots\".\nUpload complete.\n",
  "stderr": ""
}
{
  "stage": "r2_upload",
  "argv": [
    "wrangler",
    "r2",
    "object",
    "put",
    "consuelo-sites-snapshots/sites/workspace_internal/[redacted]s/sha256-15102de522ff36e1/index.html",
    "--remote",
    "--file",
    "/private/var/folders/vl/1zvhm0bj28d1dbvbcb12b39r0000gn/T/opensaas-worktrees/task-os-roll-out-observability-gateway-and-internal-workspace-surfaces/.task/os/roll-out-observability-gateway-and-internal-workspace-surfaces/staged-home/sites/[redacted]s/index.html",
    "--content-type",
    "text/html; charset=utf-8"
  ],
  "exitCode": 0,
  "stdout": "\n ⛅️ wrangler 4.74.0 (update available 4.121.0)\n──────────────────────────────────────────────\nResource location: remote \n\nCreating object \"sites/workspace_internal/[redacted]s/sha256-15102de522ff36e1/index.html\" in bucket \"consuelo-sites-snapshots\".\nUpload complete.\n",
  "stderr": ""
}
{
  "stage": "d1_upsert",
  "argv": [
    "wrangler",
    "d1",
    "execute",
    "consuelo-workspace-route-registry",
    "--remote",
    "--config",
    "cloudflare/workspace-edge/wrangler.toml",
    "--file",
    "/private/var/folders/vl/1zvhm0bj28d1dbvbcb12b39r0000gn/T/opensaas-worktrees/task-os-roll-out-observability-gateway-and-internal-workspace-surfaces/.task/os/roll-out-observability-gateway-and-internal-workspace-surfaces/staged-home/tmp/install-edge-route-sha256-15102de522ff36e1.sql"
  ],
  "exitCode": 0,
  "stdout": "\n ⛅️ wrangler 4.74.0 (update available 4.121.0)\n──────────────────────────────────────────────\nResource location: remote \n\n🌀 Executing on remote database consuelo-workspace-route-registry (2e16a374-cf0d-463e-b696-b24b8c8599bd):\n🌀 To execute on your local development database, remove the --remote flag from your wrangler command.\nNote: if the execution fails to complete, your DB will return to its original state and you can safely retry.\n├ Checking if file needs uploading\n│\n├ 🌀 Uploading 2e16a374-cf0d-463e-b696-b24b8c8599bd.eb9f223cf2c6c822.sql\n│ 🌀 Uploading complete.\n│\n🌀 Starting import...\n🌀 Processed 1 queries.\n🚣 Executed 1 queries in 7.03ms (115 rows read, 5 rows written)\n   Database is currently at bookmark 00001709-00000292-000050c4-f70831083aba1a7c0072eb2853cb6ca5.\n[\n  {\n    \"results\": [\n      {\n        \"Total queries executed\": 1,\n        \"Rows read\": 115,\n        \"Rows written\": 5,\n        \"Database size (MB)\": \"0.13\"\n      }\n    ],\n    \"success\": true,\n    \"finalBookmark\": \"00001709-00000292-000050c4-f70831083aba1a7c0072eb2853cb6ca5\",\n    \"meta\": {\n      \"served_by\": \"v3-prod\",\n      \"served_by_region\": \"ENAM\",\n      \"served_by_colo\": \"ATL\",\n      \"served_by_primary\": true,\n      \"timings\": {\n        \"sql_duration_ms\": 7.0312\n      },\n      \"duration\": 7.0312,\n      \"changes\": 2,\n      \"last_row_id\": 0,\n      \"changed_db\": true,\n      \"size_after\": 126976,\n      \"rows_read\": 115,\n      \"rows_written\": 5,\n      \"num_tables\": 3,\n      \"total_attempts\": 1\n    }\n  }\n]\n",
  "stderr": "\u001b[33m▲ \u001b[43;33m[\u001b[43;30mWARNING\u001b[43;33m]\u001b[0m \u001b[1m⚠️ This process may take some time, during which your D1 database will be unavailable to serve queries.\u001b[0m\n\n\n"
}
{
  "stage": "edge_verify",
  "url": "https://internal.consuelohq.com/",
  "status": 401,
  "access": "workspace-session-required"
}
{
  "stage": "edge_verify",
  "url": "https://internal.consuelohq.com/artifacts",
  "status": 200,
  "cacheAuthority": "sites-snapshot",
  "sitesCache": "miss",
  "siteVersion": "sha256-15102de522ff36e1",
  "sourceContentHash": "2f873e6363ff2f109faa6a69a6ed6de7fd3f2cc234f19c331e0abde1272f2863",
  "responseBodyHash": "0200c5ede1b1453698fc745a41d0a95cfaf7a3d3a72c15c2716999e2d48e4a6e"
}
{
  "stage": "edge_verify",
  "url": "https://internal.consuelohq.com/observability",
  "status": 401,
  "access": "workspace-session-required"
}
{
  "stage": "edge_verify",
  "url": "https://internal.consuelohq.com/observability/traces",
  "status": 401,
  "access": "workspace-session-required"
}
{
  "stage": "edge_verify",
  "url": "https://internal.consuelohq.com/traces",
  "status": 401,
  "access": "workspace-session-required"
}
{
  "stage": "edge_verify",
  "url": "https://internal.consuelohq.com/tracing",
  "status": 401,
  "access": "workspace-session-required"
}
{
  "stage": "edge_verify",
  "url": "https://internal.consuelohq.com/trace-burn-intelligence",
  "status": 401,
  "access": "workspace-session-required"
}
{
  "stage": "edge_verify",
  "url": "https://internal.consuelohq.com/diffs",
  "status": 200,
  "cacheAuthority": "sites-snapshot",
  "sitesCache": "miss",
  "siteVersion": "sha256-15102de522ff36e1",
  "sourceContentHash": "620a3aa8114bde340f3b2354728fb10dab9585f8ad74a7dda6112095122d08e3",
  "responseBodyHash": "536fdeb32461f68e2272e56cd5278fe757e3c72edb84f13c8d4ec09082798cfe"
}
{
  "stage": "edge_verify",
  "url": "https://internal.consuelohq.com/docs",
  "status": 200,
  "cacheAuthority": "sites-snapshot",
  "sitesCache": "miss",
  "siteVersion": "sha256-15102de522ff36e1",
  "sourceContentHash": "ca5ca147b41dd3e8d3849a6e41cac8532371f711d52db1bb7c131a3c498bc9e1",
  "responseBodyHash": "3357a32916c452da25b374843b1fdf29a35f7778d72abfdcce9ed8479379845f"
}
{
  "stage": "edge_verify",
  "url": "https://internal.consuelohq.com/configuration",
  "status": 200,
  "cacheAuthority": "sites-snapshot",
  "sitesCache": "miss",
  "siteVersion": "sha256-15102de522ff36e1",
  "sourceContentHash": "e4c256234108ac811ed53d416f17c9b2cefbf946110b22d246cc6d14ecf4b37e",
  "responseBodyHash": "89fa54d3225a15a4d7649ae2d0194c55e351e83069aead4e5090fa120d5542f2"
}
{
  "stage": "edge_verify",
  "url": "https://internal.consuelohq.com/tools",
  "status": 200,
  "cacheAuthority": "sites-snapshot",
  "sitesCache": "miss",
  "siteVersion": "sha256-15102de522ff36e1",
  "sourceContentHash": "23949ae8a4b55faf5424b43aa8dde0bd6520abd5bbfeaba18a428cb1c08ac272",
  "responseBodyHash": "8be13e230ac69f2f23c3e14673a7abbc82b56048e38f451ba645727755a18542"
}
{
  "stage": "edge_verify",
  "url": "https://internal.consuelohq.com/environments",
  "status": 200,
  "cacheAuthority": "sites-snapshot",
  "sitesCache": "miss",
  "siteVersion": "sha256-15102de522ff36e1",
  "sourceContentHash": "9fbf33ba080a31f2c920ee40a68ee3293b02e971b5161b265a7de05dce5fc76c",
  "responseBodyHash": "c31ed93a9acfc2f465b566a46d3584aa7113b74dccd5db6e2dd2168fd591062f"
}
{
  "stage": "edge_verify",
  "url": "https://internal.consuelohq.com/[redacted]s",
  "status": 200,
  "cacheAuthority": "sites-snapshot",
  "sitesCache": "miss",
  "siteVersion": "sha256-15102de522ff36e1",
  "sourceContentHash": "4a081b0a8170d6f7448118c75142bed10edfb1c66b319766e7c7e9fcd447f7aa",
  "responseBodyHash": "71fb717b7675c405cfda3d558b63f4c8ef4c5b0ffb1d8ec5b7ba360dad5b5d2f"
}
