{
  "stage": "snapshot_plan",
  "workspaceId": "workspace_internal",
  "workspaceHost": "internal.consuelohq.com",
  "snapshotKey": "sites/workspace_internal/launcher/sha256-15102de522ff36e1/index.html",
  "versionId": "sha256-15102de522ff36e1",
  "snapshots": [
    {
      "siteId": "launcher",
      "snapshotKey": "sites/workspace_internal/launcher/sha256-15102de522ff36e1/index.html",
      "contentHash": "9e491b8df9c621fc0b040aa09feaa6bc65ad03820f02a1935018862a09b2b250"
    },
    {
      "siteId": "artifacts",
      "snapshotKey": "sites/workspace_internal/artifacts/sha256-15102de522ff36e1/index.html",
      "contentHash": "2f873e6363ff2f109faa6a69a6ed6de7fd3f2cc234f19c331e0abde1272f2863"
    },
    {
      "siteId": "traces",
      "snapshotKey": "sites/workspace_internal/traces/sha256-15102de522ff36e1/index.html",
      "contentHash": "21c39a5376392391e6ed18807838bdcb78fff965dfce713547f76d1fc2c81f6f"
    },
    {
      "siteId": "traces",
      "snapshotKey": "sites/workspace_internal/traces/sha256-15102de522ff36e1/index.html",
      "contentHash": "21c39a5376392391e6ed18807838bdcb78fff965dfce713547f76d1fc2c81f6f"
    },
    {
      "siteId": "traces",
      "snapshotKey": "sites/workspace_internal/traces/sha256-15102de522ff36e1/index.html",
      "contentHash": "21c39a5376392391e6ed18807838bdcb78fff965dfce713547f76d1fc2c81f6f"
    },
    {
      "siteId": "traces",
      "snapshotKey": "sites/workspace_internal/traces/sha256-15102de522ff36e1/index.html",
      "contentHash": "21c39a5376392391e6ed18807838bdcb78fff965dfce713547f76d1fc2c81f6f"
    },
    {
      "siteId": "traces",
      "snapshotKey": "sites/workspace_internal/traces/sha256-15102de522ff36e1/index.html",
      "contentHash": "21c39a5376392391e6ed18807838bdcb78fff965dfce713547f76d1fc2c81f6f"
    },
    {
      "siteId": "diffs",
      "snapshotKey": "sites/workspace_internal/diffs/sha256-15102de522ff36e1/index.html",
      "contentHash": "620a3aa8114bde340f3b2354728fb10dab9585f8ad74a7dda6112095122d08e3"
    },
    {
      "siteId": "docs",
      "snapshotKey": "sites/workspace_internal/docs/sha256-15102de522ff36e1/index.html",
      "contentHash": "ca5ca147b41dd3e8d3849a6e41cac8532371f711d52db1bb7c131a3c498bc9e1"
    },
    {
      "siteId": "configuration",
      "snapshotKey": "sites/workspace_internal/configuration/sha256-15102de522ff36e1/index.html",
      "contentHash": "e4c256234108ac811ed53d416f17c9b2cefbf946110b22d246cc6d14ecf4b37e"
    },
    {
      "siteId": "tools",
      "snapshotKey": "sites/workspace_internal/tools/sha256-15102de522ff36e1/index.html",
      "contentHash": "23949ae8a4b55faf5424b43aa8dde0bd6520abd5bbfeaba18a428cb1c08ac272"
    },
    {
      "siteId": "environments",
      "snapshotKey": "sites/workspace_internal/environments/sha256-15102de522ff36e1/index.html",
      "contentHash": "9fbf33ba080a31f2c920ee40a68ee3293b02e971b5161b265a7de05dce5fc76c"
    },
    {
      "siteId": "[redacted]s",
      "snapshotKey": "sites/workspace_internal/[redacted]s/sha256-15102de522ff36e1/index.html",
      "contentHash": "4a081b0a8170d6f7448118c75142bed10edfb1c66b319766e7c7e9fcd447f7aa"
    }
  ]
}
{
  "stage": "r2_upload",
  "argv": [
    "wrangler",
    "r2",
    "object",
    "put",
    "consuelo-sites-snapshots/sites/workspace_internal/launcher/sha256-15102de522ff36e1/index.html",
    "--remote",
    "--file",
    "/private/var/folders/vl/1zvhm0bj28d1dbvbcb12b39r0000gn/T/opensaas-worktrees/task-os-roll-out-observability-gateway-and-internal-workspace-surfaces/.task/os/roll-out-observability-gateway-and-internal-workspace-surfaces/staged-home/sites/index.html",
    "--content-type",
    "text/html; charset=utf-8"
  ],
  "exitCode": 0,
  "stdout": "\n ⛅️ wrangler 4.74.0 (update available 4.121.0)\n──────────────────────────────────────────────\nResource location: remote \n\nCreating object \"sites/workspace_internal/launcher/sha256-15102de522ff36e1/index.html\" in bucket \"consuelo-sites-snapshots\".\nUpload complete.\n",
  "stderr": ""
}
{
  "stage": "r2_upload",
  "argv": [
    "wrangler",
    "r2",
    "object",
    "put",
    "consuelo-sites-snapshots/sites/workspace_internal/artifacts/sha256-15102de522ff36e1/index.html",
    "--remote",
    "--file",
    "/private/var/folders/vl/1zvhm0bj28d1dbvbcb12b39r0000gn/T/opensaas-worktrees/task-os-roll-out-observability-gateway-and-internal-workspace-surfaces/.task/os/roll-out-observability-gateway-and-internal-workspace-surfaces/staged-home/sites/artifacts/index.html",
    "--content-type",
    "text/html; charset=utf-8"
  ],
  "exitCode": 0,
  "stdout": "\n ⛅️ wrangler 4.74.0 (update available 4.121.0)\n──────────────────────────────────────────────\nResource location: remote \n\nCreating object \"sites/workspace_internal/artifacts/sha256-15102de522ff36e1/index.html\" in bucket \"consuelo-sites-snapshots\".\nUpload complete.\n",
  "stderr": ""
}
{
  "stage": "r2_upload",
  "argv": [
    "wrangler",
    "r2",
    "object",
    "put",
    "consuelo-sites-snapshots/sites/workspace_internal/traces/sha256-15102de522ff36e1/index.html",
    "--remote",
    "--file",
    "/private/var/folders/vl/1zvhm0bj28d1dbvbcb12b39r0000gn/T/opensaas-worktrees/task-os-roll-out-observability-gateway-and-internal-workspace-surfaces/.task/os/roll-out-observability-gateway-and-internal-workspace-surfaces/staged-home/sites/traces/index.html",
    "--content-type",
    "text/html; charset=utf-8"
  ],
  "exitCode": 0,
  "stdout": "\n ⛅️ wrangler 4.74.0 (update available 4.121.0)\n──────────────────────────────────────────────\nResource location: remote \n\nCreating object \"sites/workspace_internal/traces/sha256-15102de522ff36e1/index.html\" in bucket \"consuelo-sites-snapshots\".\nUpload complete.\n",
  "stderr": ""
}
{
  "stage": "r2_upload",
  "argv": [
    "wrangler",
    "r2",
    "object",
    "put",
    "consuelo-sites-snapshots/sites/workspace_internal/diffs/sha256-15102de522ff36e1/index.html",
    "--remote",
    "--file",
    "/private/var/folders/vl/1zvhm0bj28d1dbvbcb12b39r0000gn/T/opensaas-worktrees/task-os-roll-out-observability-gateway-and-internal-workspace-surfaces/.task/os/roll-out-observability-gateway-and-internal-workspace-surfaces/staged-home/sites/diffs/index.html",
    "--content-type",
    "text/html; charset=utf-8"
  ],
  "exitCode": 0,
  "stdout": "\n ⛅️ wrangler 4.74.0 (update available 4.121.0)\n──────────────────────────────────────────────\nResource location: remote \n\nCreating object \"sites/workspace_internal/diffs/sha256-15102de522ff36e1/index.html\" in bucket \"consuelo-sites-snapshots\".\nUpload complete.\n",
  "stderr": ""
}
{
  "stage": "r2_upload",
  "argv": [
    "wrangler",
    "r2",
    "object",
    "put",
    "consuelo-sites-snapshots/sites/workspace_internal/docs/sha256-15102de522ff36e1/index.html",
    "--remote",
    "--file",
    "/private/var/folders/vl/1zvhm0bj28d1dbvbcb12b39r0000gn/T/opensaas-worktrees/task-os-roll-out-observability-gateway-and-internal-workspace-surfaces/.task/os/roll-out-observability-gateway-and-internal-workspace-surfaces/staged-home/sites/docs/index.html",
    "--content-type",
    "text/html; charset=utf-8"
  ],
  "exitCode": 0,
  "stdout": "\n ⛅️ wrangler 4.74.0 (update available 4.121.0)\n──────────────────────────────────────────────\nResource location: remote \n\nCreating object \"sites/workspace_internal/docs/sha256-15102de522ff36e1/index.html\" in bucket \"consuelo-sites-snapshots\".\nUpload complete.\n",
  "stderr": ""
}
{
  "stage": "r2_upload",
  "argv": [
    "wrangler",
    "r2",
    "object",
    "put",
    "consuelo-sites-snapshots/sites/workspace_internal/configuration/sha256-15102de522ff36e1/index.html",
    "--remote",
    "--file",
    "/private/var/folders/vl/1zvhm0bj28d1dbvbcb12b39r0000gn/T/opensaas-worktrees/task-os-roll-out-observability-gateway-and-internal-workspace-surfaces/.task/os/roll-out-observability-gateway-and-internal-workspace-surfaces/staged-home/sites/configuration/index.html",
    "--content-type",
    "text/html; charset=utf-8"
  ],
  "exitCode": 0,
  "stdout": "\n ⛅️ wrangler 4.74.0 (update available 4.121.0)\n──────────────────────────────────────────────\nResource location: remote \n\nCreating object \"sites/workspace_internal/configuration/sha256-15102de522ff36e1/index.html\" in bucket \"consuelo-sites-snapshots\".\nUpload complete.\n",
  "stderr": ""
}
{
  "stage": "r2_upload",
  "argv": [
    "wrangler",
    "r2",
    "object",
    "put",
    "consuelo-sites-snapshots/sites/workspace_internal/tools/sha256-15102de522ff36e1/index.html",
    "--remote",
    "--file",
    "/private/var/folders/vl/1zvhm0bj28d1dbvbcb12b39r0000gn/T/opensaas-worktrees/task-os-roll-out-observability-gateway-and-internal-workspace-surfaces/.task/os/roll-out-observability-gateway-and-internal-workspace-surfaces/staged-home/sites/tools/index.html",
    "--content-type",
    "text/html; charset=utf-8"
  ],
  "exitCode": 0,
  "stdout": "\n ⛅️ wrangler 4.74.0 (update available 4.121.0)\n──────────────────────────────────────────────\nResource location: remote \n\nCreating object \"sites/workspace_internal/tools/sha256-15102de522ff36e1/index.html\" in bucket \"consuelo-sites-snapshots\".\nUpload complete.\n",
  "stderr": ""
}
{
  "stage": "r2_upload",
  "argv": [
    "wrangler",
    "r2",
    "object",
    "put",
    "consuelo-sites-snapshots/sites/workspace_internal/environments/sha256-15102de522ff36e1/index.html",
    "--remote",
    "--file",
    "/private/var/folders/vl/1zvhm0bj28d1dbvbcb12b39r0000gn/T/opensaas-worktrees/task-os-roll-out-observability-gateway-and-internal-workspace-surfaces/.task/os/roll-out-observability-gateway-and-internal-workspace-surfaces/staged-home/sites/environments/index.html",
    "--content-type",
    "text/html; charset=utf-8"
  ],
  "exitCode": 0,
  "stdout": "\n ⛅️ wrangler 4.74.0 (update available 4.121.0)\n──────────────────────────────────────────────\nResource location: remote \n\nCreating object \"sites/workspace_internal/environments/sha256-15102de522ff36e1/index.html\" in bucket \"consuelo-sites-snapshots\".\nUpload complete.\n",
  "stderr": ""
}
{
  "stage": "r2_upload",
  "argv": [
    "wrangler",
    "r2",
    "object",
    "put",
    "consuelo-sites-snapshots/sites/workspace_internal/[redacted]s/sha256-15102de522ff36e1/index.html",
    "--remote",
    "--file",
    "/private/var/folders/vl/1zvhm0bj28d1dbvbcb12b39r0000gn/T/opensaas-worktrees/task-os-roll-out-observability-gateway-and-internal-workspace-surfaces/.task/os/roll-out-observability-gateway-and-internal-workspace-surfaces/staged-home/sites/[redacted]s/index.html",
    "--content-type",
    "text/html; charset=utf-8"
  ],
  "exitCode": 0,
  "stdout": "\n ⛅️ wrangler 4.74.0 (update available 4.121.0)\n──────────────────────────────────────────────\nResource location: remote \n\nCreating object \"sites/workspace_internal/[redacted]s/sha256-15102de522ff36e1/index.html\" in bucket \"consuelo-sites-snapshots\".\nUpload complete.\n",
  "stderr": ""
}
{
  "stage": "d1_upsert",
  "argv": [
    "wrangler",
    "d1",
    "execute",
    "consuelo-workspace-route-registry",
    "--remote",
    "--config",
    "cloudflare/workspace-edge/wrangler.toml",
    "--file",
    "/private/var/folders/vl/1zvhm0bj28d1dbvbcb12b39r0000gn/T/opensaas-worktrees/task-os-roll-out-observability-gateway-and-internal-workspace-surfaces/.task/os/roll-out-observability-gateway-and-internal-workspace-surfaces/staged-home/tmp/install-edge-route-sha256-15102de522ff36e1.sql"
  ],
  "exitCode": 0,
  "stdout": "\n ⛅️ wrangler 4.74.0 (update available 4.121.0)\n──────────────────────────────────────────────\nResource location: remote \n\n🌀 Executing on remote database consuelo-workspace-route-registry (2e16a374-cf0d-463e-b696-b24b8c8599bd):\n🌀 To execute on your local development database, remove the --remote flag from your wrangler command.\nNote: if the execution fails to complete, your DB will return to its original state and you can safely retry.\n├ Checking if file needs uploading\n│\n├ 🌀 Uploading 2e16a374-cf0d-463e-b696-b24b8c8599bd.317c61162633b7fb.sql\n│ 🌀 Uploading complete.\n│\n🌀 Starting import...\n🌀 Processed 1 queries.\n🚣 Executed 1 queries in 3.97ms (4 rows read, 6 rows written)\n   Database is currently at bookmark 00001709-0000012a-000050c4-ed245f6f3f70091e7f6d91bec9b94ce7.\n[\n  {\n    \"results\": [\n      {\n        \"Total queries executed\": 1,\n        \"Rows read\": 4,\n        \"Rows written\": 6,\n        \"Database size (MB)\": \"0.13\"\n      }\n    ],\n    \"success\": true,\n    \"finalBookmark\": \"00001709-0000012a-000050c4-ed245f6f3f70091e7f6d91bec9b94ce7\",\n    \"meta\": {\n      \"served_by\": \"v3-prod\",\n      \"served_by_region\": \"ENAM\",\n      \"served_by_colo\": \"ATL\",\n      \"served_by_primary\": true,\n      \"timings\": {\n        \"sql_duration_ms\": 3.9732\n      },\n      \"duration\": 3.9732,\n      \"changes\": 2,\n      \"last_row_id\": 29,\n      \"changed_db\": true,\n      \"size_after\": 126976,\n      \"rows_read\": 4,\n      \"rows_written\": 6,\n      \"num_tables\": 3,\n      \"total_attempts\": 1\n    }\n  }\n]\n",
  "stderr": "\u001b[33m▲ \u001b[43;33m[\u001b[43;30mWARNING\u001b[43;33m]\u001b[0m \u001b[1m⚠️ This process may take some time, during which your D1 database will be unavailable to serve queries.\u001b[0m\n\n\n"
}
{
  "stage": "edge_verify",
  "url": "https://internal.consuelohq.com/",
  "status": 401,
  "access": "workspace-session-required"
}
{
  "stage": "edge_verify",
  "url": "https://internal.consuelohq.com/artifacts",
  "status": 200,
  "cacheAuthority": "sites-snapshot",
  "sitesCache": "miss",
  "siteVersion": "sha256-15102de522ff36e1",
  "sourceContentHash": "2f873e6363ff2f109faa6a69a6ed6de7fd3f2cc234f19c331e0abde1272f2863",
  "responseBodyHash": "b8aded443f210299446e9e49ddab0ae55be34e17482ce5685710ea10861edf72"
}
{
  "stage": "edge_verify",
  "url": "https://internal.consuelohq.com/observability",
  "status": 200,
  "cacheAuthority": "sites-snapshot",
  "sitesCache": "miss",
  "siteVersion": "sha256-15102de522ff36e1",
  "sourceContentHash": "21c39a5376392391e6ed18807838bdcb78fff965dfce713547f76d1fc2c81f6f",
  "responseBodyHash": "23da1a60d12308341e418fc941a4f39ec94b71f39fc69d41433aac829d80eb3d"
}
{
  "stage": "edge_verify",
  "url": "https://internal.consuelohq.com/observability/traces",
  "status": 200,
  "cacheAuthority": "sites-snapshot",
  "sitesCache": "miss",
  "siteVersion": "sha256-15102de522ff36e1",
  "sourceContentHash": "21c39a5376392391e6ed18807838bdcb78fff965dfce713547f76d1fc2c81f6f",
  "responseBodyHash": "85490ccfba668fcbee0cd65b5d3fa2e24ea5b1c0f5ca7941c12b5116b0035f97"
}
{
  "stage": "edge_verify",
  "url": "https://internal.consuelohq.com/traces",
  "status": 200,
  "cacheAuthority": "sites-snapshot",
  "sitesCache": "miss",
  "siteVersion": "sha256-15102de522ff36e1",
  "sourceContentHash": "21c39a5376392391e6ed18807838bdcb78fff965dfce713547f76d1fc2c81f6f",
  "responseBodyHash": "7668286110973683bca927c984e51a8bf5270437c5cabf9a233e4112410b817a"
}
{
  "stage": "edge_verify",
  "url": "https://internal.consuelohq.com/tracing",
  "status": 200,
  "cacheAuthority": "sites-snapshot",
  "sitesCache": "miss",
  "siteVersion": "sha256-15102de522ff36e1",
  "sourceContentHash": "21c39a5376392391e6ed18807838bdcb78fff965dfce713547f76d1fc2c81f6f",
  "responseBodyHash": "5dc343144705b1324e2e1af808832b72b49f186f0ef8671db5387033e622ff66"
}
{
  "stage": "edge_verify",
  "url": "https://internal.consuelohq.com/trace-burn-intelligence",
  "status": 200,
  "cacheAuthority": "sites-snapshot",
  "sitesCache": "miss",
  "siteVersion": "sha256-15102de522ff36e1",
  "sourceContentHash": "21c39a5376392391e6ed18807838bdcb78fff965dfce713547f76d1fc2c81f6f",
  "responseBodyHash": "18ab9a6b360722190bb875452a59e41fd119c6baf62f0e941cc4aab8bd96bcd3"
}
{
  "stage": "edge_verify",
  "url": "https://internal.consuelohq.com/diffs",
  "status": 200,
  "cacheAuthority": "sites-snapshot",
  "sitesCache": "miss",
  "siteVersion": "sha256-15102de522ff36e1",
  "sourceContentHash": "620a3aa8114bde340f3b2354728fb10dab9585f8ad74a7dda6112095122d08e3",
  "responseBodyHash": "bffe22b2c5d165685e2972eb1c5e067bd990dffa06c09b14080b3c75775a4bfd"
}
{
  "stage": "edge_verify",
  "url": "https://internal.consuelohq.com/docs",
  "status": 200,
  "cacheAuthority": "sites-snapshot",
  "sitesCache": "miss",
  "siteVersion": "sha256-15102de522ff36e1",
  "sourceContentHash": "ca5ca147b41dd3e8d3849a6e41cac8532371f711d52db1bb7c131a3c498bc9e1",
  "responseBodyHash": "7cfdb2a7abbb451a8690a026fc398a8f168a07fc9f6be6d7522479152072171a"
}
{
  "stage": "edge_verify",
  "url": "https://internal.consuelohq.com/configuration",
  "status": 200,
  "cacheAuthority": "sites-snapshot",
  "sitesCache": "miss",
  "siteVersion": "sha256-15102de522ff36e1",
  "sourceContentHash": "e4c256234108ac811ed53d416f17c9b2cefbf946110b22d246cc6d14ecf4b37e",
  "responseBodyHash": "adefa7ac61f0457c1548fddc8c579dfb7c777b1a2ea377b53ee4aeedb3129b93"
}
{
  "stage": "edge_verify",
  "url": "https://internal.consuelohq.com/tools",
  "status": 200,
  "cacheAuthority": "sites-snapshot",
  "sitesCache": "miss",
  "siteVersion": "sha256-15102de522ff36e1",
  "sourceContentHash": "23949ae8a4b55faf5424b43aa8dde0bd6520abd5bbfeaba18a428cb1c08ac272",
  "responseBodyHash": "d8a8aaf85df3b5e8952cc46b87d2fd709a933f94c850267c66caee6537781f7f"
}
{
  "stage": "edge_verify",
  "url": "https://internal.consuelohq.com/environments",
  "status": 200,
  "cacheAuthority": "sites-snapshot",
  "sitesCache": "miss",
  "siteVersion": "sha256-15102de522ff36e1",
  "sourceContentHash": "9fbf33ba080a31f2c920ee40a68ee3293b02e971b5161b265a7de05dce5fc76c",
  "responseBodyHash": "9a4c0650933e5915bf04eae8d1ee2be052caae2430146fb80cebc96db44d90c3"
}
{
  "stage": "edge_verify",
  "url": "https://internal.consuelohq.com/[redacted]s",
  "status": 200,
  "cacheAuthority": "sites-snapshot",
  "sitesCache": "miss",
  "siteVersion": "sha256-15102de522ff36e1",
  "sourceContentHash": "4a081b0a8170d6f7448118c75142bed10edfb1c66b319766e7c7e9fcd447f7aa",
  "responseBodyHash": "606b301135b9d216aa5fa73d4cbf5a8a7a45c12e1514f108060921257477e857"
}
