$ bun run materialize:assets && bun run generate:footer-art && astro dev --host "127.0.0.1" --port "55737"
$ bun scripts/materialize-public-assets.ts
$ bun scripts/generate-footer-art.ts
{
  "sourcePath": "/Users/kokayi/.consuelo/node/tasks/worktrees/task-website-preview-filesystem-terminal-and-tools-homepage-positioning/packages/consuelo-website/public/images/home/holding-world.svg",
  "outputPath": "/Users/kokayi/.consuelo/node/tasks/worktrees/task-website-preview-filesystem-terminal-and-tools-homepage-positioning/packages/consuelo-website/public/generated/holding-world-editorial.png",
  "badgePath": "/Users/kokayi/.consuelo/node/tasks/worktrees/task-website-preview-filesystem-terminal-and-tools-homepage-positioning/packages/consuelo-website/public/generated/consuelo-footer-badge.png",
  "width": 1832,
  "height": 2064,
  "bluePixels": 162201,
  "whitePixels": 367187,
  "closureRadius": 1,
  "outputScale": 2
}
[vite] connected.
16:28:47 [types] Generated 0ms
[vite] connected.
16:28:47 [content] Syncing content
16:28:47 [content] Synced content
16:28:47 [WARN] [vite] [plugin:astro:scripts] context method emitFile() is not supported in serve mode. This plugin is likely not vite-compatible.
16:28:47 [vite] Re-optimizing dependencies because vite config has changed
 astro  v6.0.7 ready in 761 ms
┃ Local    http://127.0.0.1:55737/
16:28:47 watching for file changes...

 update  ▶ New version of Astro available: 7.3.5
  Run bun x @astrojs/upgrade to update

Browserslist: browsers data (caniuse-lite) is 7 months old. Please run:
  npx update-browserslist-db@latest
  Why you should do it regularly: https://github.com/browserslist/update-db#readme
16:28:58 [astro-icon] Loaded icons from src/icons, tabler
16:28:58 [200] / 15ms
16:29:12 [200] / 3ms
16:29:13 [vite] ✨ new dependencies optimized: astro/runtime/client/dev-toolbar/entrypoint.js, gsap, gsap/ScrollTrigger, lenis
16:29:13 [vite] ✨ optimized dependencies changed. reloading
16:29:13 [200] / 2ms
16:29:31 [200] / 5ms
16:32:41 [200] / 18ms
16:32:41 [200] / 75ms
16:34:25 [watch] src/components/home/HomeCloudCta.astro
16:34:25 [200] / 11ms
16:34:25 [200] / 11ms
